
> antigravity@0.1.0 build
> next build

node.exe : [baseline-browser-mapping] The data in this module is over two months 
old.  To ensure accurate Baseline data, please update: `npm i 
baseline-browser-mapping@latest -D`
At C:\Program Files\nodejs\npm.ps1:29 char:3
+   & $NODE_EXE $NPM_CLI_JS $args
+   ~~~~~~~~~~~~~~~~~~~~~~~~~~~~~
    + CategoryInfo          : NotSpecified: ([baseline-brows...ping@latest -D`:Strin 
   g) [], RemoteException
    + FullyQualifiedErrorId : NativeCommandError
 
   Γû▓ Next.js 16.0.3 (Turbopack)
   - Environments: .env.local, .env

   Creating an optimized production build ...
[baseline-browser-mapping] The data in this module is over two months old.  To 
ensure accurate Baseline data, please update: `npm i baseline-browser-mapping@latest 
-D`
 Γ£ô Compiled successfully in 9.1s
   Running TypeScript ...
   Collecting page data using 7 workers ...
[baseline-browser-mapping] The data in this module is over two months old.  To 
ensure accurate Baseline data, please update: `npm i baseline-browser-mapping@latest 
-D`
[baseline-browser-mapping] The data in this module is over two months old.  To 
ensure accurate Baseline data, please update: `npm i baseline-browser-mapping@latest 
-D`
[baseline-browser-mapping] The data in this module is over two months old.  To 
ensure accurate Baseline data, please update: `npm i baseline-browser-mapping@latest 
-D`
[baseline-browser-mapping] The data in this module is over two months old.  To 
ensure accurate Baseline data, please update: `npm i baseline-browser-mapping@latest 
-D`
[baseline-browser-mapping] The data in this module is over two months old.  To 
ensure accurate Baseline data, please update: `npm i baseline-browser-mapping@latest 
-D`
[baseline-browser-mapping] The data in this module is over two months old.  To 
ensure accurate Baseline data, please update: `npm i baseline-browser-mapping@latest 
-D`
[baseline-browser-mapping] The data in this module is over two months old.  To 
ensure accurate Baseline data, please update: `npm i baseline-browser-mapping@latest 
-D`
   Generating static pages using 7 workers (0/88) ...
[baseline-browser-mapping] The data in this module is over two months old.  To 
ensure accurate Baseline data, please update: `npm i baseline-browser-mapping@latest 
-D`
[baseline-browser-mapping] The data in this module is over two months old.  To 
ensure accurate Baseline data, please update: `npm i baseline-browser-mapping@latest 
-D`
[baseline-browser-mapping] The data in this module is over two months old.  To 
ensure accurate Baseline data, please update: `npm i baseline-browser-mapping@latest 
-D`
[baseline-browser-mapping] The data in this module is over two months old.  To 
ensure accurate Baseline data, please update: `npm i baseline-browser-mapping@latest 
-D`
   Generating static pages using 7 workers (22/88) 
   Generating static pages using 7 workers (44/88) 
   Generating static pages using 7 workers (66/88) 
 Γ£ô Generating static pages using 7 workers (88/88) in 2.8s
   Finalizing page optimization ...

Route (app)
Γöî Γùï /
Γö£ Γùï /_not-found
Γö£ Γùï /api-docs
Γö£ ╞Æ /api/audit
Γö£ ╞Æ /api/audit-logs
Γö£ ╞Æ /api/auth/login
Γö£ ╞Æ /api/languages
Γö£ ╞Æ /api/menus
Γö£ ╞Æ /api/menus/admin
Γö£ ╞Æ /api/menus/reorder
Γö£ ╞Æ /api/projects/[id]/tasks
Γö£ ╞Æ /api/roles
Γö£ ╞Æ /api/roles/[id]
Γö£ ╞Æ /api/roles/[id]/users
Γö£ ╞Æ /api/roles/[id]/users/[userId]
Γö£ ╞Æ /api/swagger
Γö£ ╞Æ /api/test
Γö£ ╞Æ /api/test-db
Γö£ ╞Æ /api/test-roles
Γö£ ╞Æ /api/test-ui-translations
Γö£ ╞Æ /api/translations
Γö£ ╞Æ /api/translations/[locale]
Γö£ ╞Æ /api/users
Γö£ ╞Æ /api/users/[id]
Γö£ Γùï /auth
Γö£ Γùï /core/audit
Γö£ Γùï /core/languages
Γö£ Γùï /core/menus
Γö£ Γùï /core/roles
Γö£ Γùï /core/users
Γö£ Γùï /dashboard
Γö£ Γùï /ecommerce/cart
Γö£ Γùï /ecommerce/catalog
Γö£ Γùï /ecommerce/orders
Γö£ Γùï /ecommerce/pos
Γö£ Γùï /finance
Γö£ Γùï /finance/ap
Γö£ Γùï /finance/ar
Γö£ Γùï /finance/bank
Γö£ Γùï /finance/expenses
Γö£ Γùï /finance/general-ledger
Γö£ Γùï /finance/invoices
Γö£ Γùï /finance/tax
Γö£ Γùï /hr
Γö£ Γùï /hr/attendance
Γö£ Γùï /hr/employees/employees
Γö£ Γùï /hr/leave
Γö£ Γùï /hr/payroll
Γö£ Γùï /inventory
Γö£ Γùï /inventory/adjustments
Γö£ Γùï /inventory/batch-serial
Γö£ Γùï /inventory/dashboard
Γö£ Γùï /inventory/discrepancy
Γö£ Γùï /inventory/inventory-count
Γö£ Γùï /inventory/locations
Γö£ Γùï /inventory/min-stock
Γö£ Γùï /inventory/plugins/food/expiry
Γö£ Γùï /inventory/plugins/mechanical/serial-management
Γö£ Γùï /inventory/plugins/plastic/waste-tracking
Γö£ Γùï /inventory/plugins/wood/moisture
Γö£ Γùï /inventory/products
Γö£ Γùï /inventory/products/products
Γö£ ╞Æ /inventory/products/products/[id]
Γö£ Γùï /inventory/stock
Γö£ Γùï /inventory/stock-in
Γö£ Γùï /inventory/stock-out
Γö£ Γùï /inventory/stock/stock-movements
Γö£ Γùï /inventory/warehouses
Γö£ Γùï /manufacturing/bom
Γö£ Γùï /manufacturing/quality
Γö£ Γùï /manufacturing/routing
Γö£ Γùï /manufacturing/work-orders
Γö£ Γùï /projects
Γö£ Γùï /projects/tasks
Γö£ Γùï /purchase/orders
Γö£ Γùï /purchase/requests
Γö£ Γùï /purchase/requests/purchase-requests
Γö£ Γùï /purchase/rfq
Γö£ Γùï /purchase/suppliers
Γö£ Γùï /purchase/suppliers/suppliers
Γö£ Γùï /sales
Γö£ Γùï /sales/customers
Γö£ Γùï /sales/customers/customers
Γö£ Γùï /sales/leads
Γö£ Γùï /sales/leads/leads
Γö£ Γùï /sales/opportunities
Γö£ Γùï /sales/opportunities/opportunities
Γö£ Γùï /sales/quotations
Γö£ Γùï /service/sla
Γö£ Γùï /service/tickets
Γö£ Γùï /service/tickets/support-tickets
Γö£ Γùï /service/warranty
Γöö Γùï /settings


Γùï  (Static)   prerendered as static content
╞Æ  (Dynamic)  server-rendered on demand

